// Jest Snapshot v1, https://goo.gl/fbAQLP

exports[`react can create component 1`] = `<div />`;
